(let x = 5 in
(let y = 2 in
(+ (fst (x . y)) (snd (x . y)))))
