(let x = {   } : bool in
(cdr (:: #f(:: #t(:: #f(:: #tx))))))
