(let x = (ref 10) in
(let y = (ref 0) in
((while (> (#x) 0) do
((x := (- (#x) 1)) ; (y := (+ (#y) 1)))
end) ; (#y))))
